#
# There is insufficient memory for the Java Runtime Environment to continue.
# Native memory allocation (mmap) failed to map 257949696 bytes. Error detail: G1 virtual space
# Possible reasons:
#   The system is out of physical RAM or swap space
#   This process is running with CompressedOops enabled, and the Java Heap may be blocking the growth of the native heap
# Possible solutions:
#   Reduce memory load on the system
#   Increase physical memory or swap space
#   Check if swap backing store is full
#   Decrease Java heap size (-Xmx/-Xms)
#   Decrease number of Java threads
#   Decrease Java thread stack sizes (-Xss)
#   Set larger code cache with -XX:ReservedCodeCacheSize=
#   JVM is running with Zero Based Compressed Oops mode in which the Java heap is
#     placed in the first 32GB address space. The Java Heap base address is the
#     maximum limit for the native heap growth. Please use -XX:HeapBaseMinAddress
#     to set the Java Heap base and to place the Java Heap above 32GB virtual address.
# This output file may be truncated or incomplete.
#
#  Out of Memory Error (os_windows.cpp:3828), pid=58476, tid=58528
#
# JRE version:  (21.0.4) (build )
# Java VM: OpenJDK 64-Bit Server VM (21.0.4+-12508038-b607.1, mixed mode, sharing, tiered, compressed oops, compressed class ptrs, g1 gc, windows-amd64)
# No core dump will be written. Minidumps are not enabled by default on client versions of Windows
#

---------------  S U M M A R Y ------------

Command Line: org.jetbrains.kotlin.cli.jvm.K2JVMCompiler @C:\Users\ASUS\AndroidStudioProjects\eform\app\build\20250620_965764192285443989.compiler.options

Host: AMD Ryzen 5 7535HS with Radeon Graphics        , 12 cores, 15G,  Windows 11 , 64 bit Build 26100 (10.0.26100.3912)
Time: Fri Jun 20 02:22:41 2025 SE Asia Standard Time elapsed time: 1.037617 seconds (0d 0h 0m 1s)

---------------  T H R E A D  ---------------

Current thread (0x00000265fc3bf430):  JavaThread "Unknown thread" [_thread_in_vm, id=58528, stack(0x000000f38e200000,0x000000f38e300000) (1024K)]

Stack: [0x000000f38e200000,0x000000f38e300000]
Native frames: (J=compiled Java code, j=interpreted, Vv=VM code, C=native code)
V  [jvm.dll+0x6ce539]
V  [jvm.dll+0x85bf03]
V  [jvm.dll+0x85e45e]
V  [jvm.dll+0x85eb43]
V  [jvm.dll+0x27dd06]
V  [jvm.dll+0x6cada5]
V  [jvm.dll+0x6bf27a]
V  [jvm.dll+0x3541fb]
V  [jvm.dll+0x35be36]
V  [jvm.dll+0x3adbc6]
V  [jvm.dll+0x3ade98]
V  [jvm.dll+0x32691c]
V  [jvm.dll+0x32760b]
V  [jvm.dll+0x823959]
V  [jvm.dll+0x3bacf8]
V  [jvm.dll+0x80cd58]
V  [jvm.dll+0x44ef2e]
V  [jvm.dll+0x450691]
C  [jli.dll+0x52ab]
C  [ucrtbase.dll+0x37b0]
C  [KERNEL32.DLL+0x2e8d7]
C  [ntdll.dll+0x9c5dc]


---------------  P R O C E S S  ---------------

Threads class SMR info:
_java_thread_list=0x00007fff2d4ea808, length=0, elements={
}

Java Threads: ( => current thread )
Total: 0

Other Threads:
  0x00000265fe60dd70 WorkerThread "GC Thread#0"                     [id=58532, stack(0x000000f38e300000,0x000000f38e400000) (1024K)]
  0x00000265fe61e290 ConcurrentGCThread "G1 Main Marker"            [id=58536, stack(0x000000f38e400000,0x000000f38e500000) (1024K)]
  0x00000265fe621290 WorkerThread "G1 Conc#0"                       [id=58540, stack(0x000000f38e500000,0x000000f38e600000) (1024K)]

[error occurred during error reporting (printing all threads), id 0xc0000005, EXCEPTION_ACCESS_VIOLATION (0xc0000005) at pc=0x00007fff2cce9957]
VM state: not at safepoint (not fully initialized)

VM Mutex/Monitor currently owned by a thread:  ([mutex/lock_event])
[0x00007fff2d5573f8] Heap_lock - owner thread: 0x00000265fc3bf430

Heap address: 0x000000070ac00000, size: 3924 MB, Compressed Oops mode: Zero based, Oop shift amount: 3

CDS archive(s) mapped at: [0x0000000000000000-0x0000000000000000-0x0000000000000000), size 0, SharedBaseAddress: 0x0000000800000000, ArchiveRelocationMode: 1.
Narrow klass base: 0x0000000000000000, Narrow klass shift: 0, Narrow klass range: 0x0

GC Precious Log:
 CardTable entry size: 512
 Card Set container configuration: InlinePtr #cards 4 size 8 Array Of Cards #cards 16 size 48 Howl #buckets 8 coarsen threshold 3686 Howl Bitmap #cards 512 size 80 coarsen threshold 460 Card regions per heap region 1 cards per card region 4096

Heap:
 garbage-first heap   total 0K, used 0K [0x000000070ac00000, 0x0000000800000000)
  region size 2048K, 0 young (0K), 0 survivors (0K)
 Metaspace       used 0K, committed 0K, reserved 0K
  class space    used 0K, committed 0K, reserved 0K

Heap Regions: E=young(eden), S=young(survivor), O=old, HS=humongous(starts), HC=humongous(continues), CS=collection set, F=free, TAMS=top-at-mark-start, PB=parsable bottom

Card table byte_map: [0x00000265ff380000,0x00000265ffb30000] _byte_map_base: 0x00000265fbb2a000

Marking Bits: (CMBitMap*) 0x00000265fe60e470
 Bits: [0x0000026592080000, 0x0000026595dd0000)

GC Heap History (0 events):
No events

Dll operation events (1 events):
Event: 0.007 Loaded shared library C:\Program Files\Android\Android Studio\jbr\bin\java.dll

Deoptimization events (0 events):
No events

Classes loaded (0 events):
No events

Classes unloaded (0 events):
No events

Classes redefined (0 events):
No events

Internal exceptions (0 events):
No events

ZGC Phase Switch (0 events):
No events

VM Operations (0 events):
No events

Memory protections (0 events):
No events

Nmethod flushes (0 events):
No events

Events (0 events):
No events


Dynamic libraries:
0x00007ff7f9610000 - 0x00007ff7f961a000 	C:\Program Files\Android\Android Studio\jbr\bin\java.exe
0x00007fffb28e0000 - 0x00007fffb2b46000 	C:\WINDOWS\SYSTEM32\ntdll.dll
0x00007fffb1dc0000 - 0x00007fffb1e89000 	C:\WINDOWS\System32\KERNEL32.DLL
0x00007fffafbd0000 - 0x00007fffaff9c000 	C:\WINDOWS\System32\KERNELBASE.dll
0x00007fffb0150000 - 0x00007fffb029b000 	C:\WINDOWS\System32\ucrtbase.dll
0x00007fff96ea0000 - 0x00007fff96ebb000 	C:\Program Files\Android\Android Studio\jbr\bin\VCRUNTIME140.dll
0x00007fff7d540000 - 0x00007fff7d558000 	C:\Program Files\Android\Android Studio\jbr\bin\jli.dll
0x00007fffb1810000 - 0x00007fffb19da000 	C:\WINDOWS\System32\USER32.dll
0x00007fff98ad0000 - 0x00007fff98d6a000 	C:\WINDOWS\WinSxS\amd64_microsoft.windows.common-controls_6595b64144ccf1df_6.0.26100.3912_none_3e07963ce335137e\COMCTL32.dll
0x00007fffb0120000 - 0x00007fffb0147000 	C:\WINDOWS\System32\win32u.dll
0x00007fffb0b70000 - 0x00007fffb0b9b000 	C:\WINDOWS\System32\GDI32.dll
0x00007fffb2070000 - 0x00007fffb2119000 	C:\WINDOWS\System32\msvcrt.dll
0x00007fffb0420000 - 0x00007fffb0552000 	C:\WINDOWS\System32\gdi32full.dll
0x00007fffb0560000 - 0x00007fffb0603000 	C:\WINDOWS\System32\msvcp_win.dll
0x00007fffb0b30000 - 0x00007fffb0b60000 	C:\WINDOWS\System32\IMM32.DLL
0x00007fff96ec0000 - 0x00007fff96ecc000 	C:\Program Files\Android\Android Studio\jbr\bin\vcruntime140_1.dll
0x00007fff51f60000 - 0x00007fff51fed000 	C:\Program Files\Android\Android Studio\jbr\bin\msvcp140.dll
0x00007fff2c9b0000 - 0x00007fff2d633000 	C:\Program Files\Android\Android Studio\jbr\bin\server\jvm.dll
0x00007fffb0bc0000 - 0x00007fffb0c72000 	C:\WINDOWS\System32\ADVAPI32.dll
0x00007fffb27e0000 - 0x00007fffb2886000 	C:\WINDOWS\System32\sechost.dll
0x00007fffb1c50000 - 0x00007fffb1d66000 	C:\WINDOWS\System32\RPCRT4.dll
0x00007fffb0c80000 - 0x00007fffb0cf4000 	C:\WINDOWS\System32\WS2_32.dll
0x00007fffaf8c0000 - 0x00007fffaf91e000 	C:\WINDOWS\SYSTEM32\POWRPROF.dll
0x00007fffa9fd0000 - 0x00007fffaa006000 	C:\WINDOWS\SYSTEM32\WINMM.dll
0x00007fffa9b10000 - 0x00007fffa9b1b000 	C:\WINDOWS\SYSTEM32\VERSION.dll
0x00007fffaf8a0000 - 0x00007fffaf8b4000 	C:\WINDOWS\SYSTEM32\UMPDC.dll
0x00007fffae830000 - 0x00007fffae84a000 	C:\WINDOWS\SYSTEM32\kernel.appcore.dll
0x00007fff96e90000 - 0x00007fff96e9a000 	C:\Program Files\Android\Android Studio\jbr\bin\jimage.dll
0x00007fffa12a0000 - 0x00007fffa14e1000 	C:\WINDOWS\SYSTEM32\DBGHELP.DLL
0x00007fffb2150000 - 0x00007fffb24d4000 	C:\WINDOWS\System32\combase.dll
0x00007fffb24e0000 - 0x00007fffb25c0000 	C:\WINDOWS\System32\OLEAUT32.dll
0x00007fff946a0000 - 0x00007fff946d9000 	C:\WINDOWS\SYSTEM32\dbgcore.DLL
0x00007fffafa70000 - 0x00007fffafb09000 	C:\WINDOWS\System32\bcryptPrimitives.dll
0x00007fff96e70000 - 0x00007fff96e90000 	C:\Program Files\Android\Android Studio\jbr\bin\java.dll

dbghelp: loaded successfully - version: 4.0.5 - missing functions: none
symbol engine: initialized successfully - sym options: 0x614 - pdb path: .;C:\Program Files\Android\Android Studio\jbr\bin;C:\WINDOWS\SYSTEM32;C:\WINDOWS\WinSxS\amd64_microsoft.windows.common-controls_6595b64144ccf1df_6.0.26100.3912_none_3e07963ce335137e;C:\Program Files\Android\Android Studio\jbr\bin\server

VM Arguments:
java_command: org.jetbrains.kotlin.cli.jvm.K2JVMCompiler @C:\Users\ASUS\AndroidStudioProjects\eform\app\build\20250620_965764192285443989.compiler.options
java_class_path (initial): C:\Users\ASUS\.gradle\caches\modules-2\files-2.1\org.jetbrains.kotlin\kotlin-compiler-embeddable\2.0.0\1de310de3446414381282ffc46c3ed3919a4d1da\kotlin-compiler-embeddable-2.0.0.jar;C:\Users\ASUS\.gradle\caches\modules-2\files-2.1\org.jetbrains.kotlin\kotlin-stdlib\2.0.0\b48df2c4aede9586cc931ead433bc02d6fd7879e\kotlin-stdlib-2.0.0.jar;C:\Users\ASUS\.gradle\caches\modules-2\files-2.1\org.jetbrains.kotlin\kotlin-script-runtime\2.0.0\fdc27dd047d592fa41d2dfa21e7621287a361612\kotlin-script-runtime-2.0.0.jar;C:\Users\ASUS\.gradle\caches\modules-2\files-2.1\org.jetbrains.kotlin\kotlin-reflect\1.6.10\1cbe9c92c12a94eea200d23c2bbaedaf3daf5132\kotlin-reflect-1.6.10.jar;C:\Users\ASUS\.gradle\caches\modules-2\files-2.1\org.jetbrains.kotlin\kotlin-daemon-embeddable\2.0.0\b39c612768614c4428c96ee9c65477181fffe9d\kotlin-daemon-embeddable-2.0.0.jar;C:\Users\ASUS\.gradle\caches\modules-2\files-2.1\org.jetbrains.intellij.deps\trove4j\1.0.20200330\3afb14d5f9ceb459d724e907a21145e8ff394f02\trove4j-1.0.20200330.jar;C:\Users\ASUS\.gradle\caches\modules-2\files-2.1\org.jetbrains\annotations\13.0\919f0dfe192fb4e063e7dacadee7f8bb9a2672a9\annotations-13.0.jar
Launcher Type: SUN_STANDARD

[Global flags]
     intx CICompilerCount                          = 4                                         {product} {ergonomic}
     uint ConcGCThreads                            = 3                                         {product} {ergonomic}
     uint G1ConcRefinementThreads                  = 10                                        {product} {ergonomic}
   size_t G1HeapRegionSize                         = 2097152                                   {product} {ergonomic}
    uintx GCDrainStackTargetSize                   = 64                                        {product} {ergonomic}
   size_t InitialHeapSize                          = 257949696                                 {product} {ergonomic}
   size_t MarkStackSize                            = 4194304                                   {product} {ergonomic}
   size_t MaxHeapSize                              = 4114612224                                {product} {ergonomic}
   size_t MinHeapDeltaBytes                        = 2097152                                   {product} {ergonomic}
   size_t MinHeapSize                              = 8388608                                   {product} {ergonomic}
    uintx NonNMethodCodeHeapSize                   = 5839372                                {pd product} {ergonomic}
    uintx NonProfiledCodeHeapSize                  = 122909434                              {pd product} {ergonomic}
    uintx ProfiledCodeHeapSize                     = 122909434                              {pd product} {ergonomic}
    uintx ReservedCodeCacheSize                    = 251658240                              {pd product} {ergonomic}
     bool SegmentedCodeCache                       = true                                      {product} {ergonomic}
   size_t SoftMaxHeapSize                          = 4114612224                             {manageable} {ergonomic}
     bool UseCompressedOops                        = true                           {product lp64_product} {ergonomic}
     bool UseG1GC                                  = true                                      {product} {ergonomic}
     bool UseLargePagesIndividualAllocation        = false                                  {pd product} {ergonomic}

Logging:
Log output configuration:
 #0: stdout all=warning uptime,level,tags foldmultilines=false
 #1: stderr all=off uptime,level,tags foldmultilines=false

Environment Variables:
JAVA_HOME=C:\Program Files\Android\Android Studio\jbr
PATH=C:\Program Files (x86)\Common Files\Intel\Shared Libraries\redist\intel64\compiler;C:\WINDOWS\system32;C:\WINDOWS;C:\WINDOWS\System32\Wbem;C:\WINDOWS\System32\WindowsPowerShell\v1.0\;C:\WINDOWS\System32\OpenSSH\;C:\Program Files (x86)\NVIDIA Corporation\PhysX\Common;C:\Program Files\NVIDIA Corporation\NVIDIA NvDLISR;C:\Program Files\dotnet\;C:\Program Files\Git\cmd;C:\Program Files\Cloudflare\Cloudflare WARP\;C:\Program Files\Android\Android Studio\jbr\bin;C:\Program Files (x86)\cloudflared\;C:\Users\ASUS\AppData\Local\Microsoft\WindowsApps;C:\laragon\bin\php\php-8.4.6-nts-Win32-vs17-x64;C:\Users\ASUS\AppData\Local\GitHubDesktop\bin;C:\Users\ASUS\composer;C:\Users\ASUS\AppData\Roaming\Composer\vendor\bin;C:\Users\ASUS\AppData\Local\Programs\Microsoft VS Code\bin;
USERNAME=ASUS
OS=Windows_NT
PROCESSOR_IDENTIFIER=AMD64 Family 25 Model 68 Stepping 1, AuthenticAMD
TMP=C:\Users\ASUS\AppData\Local\Temp
TEMP=C:\Users\ASUS\AppData\Local\Temp




Periodic native trim disabled

JNI global refs:
JNI global refs: 0, weak refs: 0

JNI global refs memory usage: 0, weak refs: 0

Process memory usage:
Resident Set Size: 12868K (0% of 16067364K total physical memory with 1254036K free physical memory)

OOME stack traces (most recent first):
Classloader memory used:

---------------  S Y S T E M  ---------------

OS:
 Windows 11 , 64 bit Build 26100 (10.0.26100.3912)
OS uptime: 0 days 5:07 hours

CPU: total 12 (initial active 12) (12 cores per cpu, 2 threads per core) family 25 model 68 stepping 1 microcode 0xa404107, cx8, cmov, fxsr, ht, mmx, 3dnowpref, sse, sse2, sse3, ssse3, sse4a, sse4.1, sse4.2, popcnt, lzcnt, tsc, tscinvbit, avx, avx2, aes, erms, clmul, bmi1, bmi2, adx, sha, fma, vzeroupper, clflush, clflushopt, rdtscp, rdpid, fsrm, f16c, pku, cet_ss
Processor Information for all 12 processors :
  Max Mhz: 3301, Current Mhz: 3301, Mhz Limit: 3301

Memory: 4k page, system-wide physical 15690M (1224M free)
TotalPageFile size 45940M (AvailPageFile size 239M)
current process WorkingSet (physical memory assigned to process): 12M, peak: 12M
current process commit charge ("private bytes"): 64M, peak: 310M

vm_info: OpenJDK 64-Bit Server VM (21.0.4+-12508038-b607.1) for windows-amd64 JRE (21.0.4+-12508038-b607.1), built on 2024-10-16T17:23:34Z by "builder" with MS VC++ 16.10 / 16.11 (VS2019)

END.
